[0m12:22:13.883621 [debug] [MainThread]: Sending event: {'category': 'dbt', 'action': 'invocation', 'label': 'start', 'context': [<snowplow_tracker.self_describing_json.SelfDescribingJson object at 0x000001D7C768C230>, <snowplow_tracker.self_describing_json.SelfDescribingJson object at 0x000001D7C81FA120>, <snowplow_tracker.self_describing_json.SelfDescribingJson object at 0x000001D7C6141670>]}


============================== 12:22:13.883621 | f3b5c017-d5b7-4f62-92fe-71e07d826ed6 ==============================
[0m12:22:13.883621 [info ] [MainThread]: Running with dbt=1.9.4
[0m12:22:13.883621 [debug] [MainThread]: running dbt with arguments {'printer_width': '80', 'indirect_selection': 'eager', 'write_json': 'True', 'log_cache_events': 'False', 'partial_parse': 'True', 'cache_selected_only': 'False', 'profiles_dir': 'C:\\Users\\Lucifer\\.dbt', 'debug': 'False', 'fail_fast': 'False', 'log_path': 'logs', 'version_check': 'True', 'warn_error': 'None', 'use_colors': 'True', 'use_experimental_parser': 'False', 'empty': 'None', 'quiet': 'False', 'no_print': 'None', 'log_format': 'default', 'introspect': 'True', 'static_parser': 'True', 'warn_error_options': 'WarnErrorOptions(include=[], exclude=[])', 'target_path': 'None', 'invocation_command': 'dbt init', 'send_anonymous_usage_stats': 'True'}
[0m12:22:43.842842 [debug] [MainThread]: Starter project path: D:\DE\K20Learn\BTC\venv\Lib\site-packages\dbt\include\starter_project
[0m12:22:43.882847 [info ] [MainThread]: 
Your new dbt project "BTC" was created!

For more information on how to configure the profiles.yml file,
please consult the dbt documentation here:

  https://docs.getdbt.com/docs/configure-your-profile

One more thing:

Need help? Don't hesitate to reach out to us via GitHub issues or on Slack:

  https://community.getdbt.com/

Happy modeling!

[0m12:22:43.883836 [info ] [MainThread]: Setting up your profile.
[0m12:25:13.773685 [info ] [MainThread]: Profile BTC written to C:\Users\Lucifer\.dbt\profiles.yml using target's profile_template.yml and your supplied values. Run 'dbt debug' to validate the connection.
[0m12:25:13.782012 [debug] [MainThread]: Command `dbt init` succeeded at 12:25:13.782012 after 180.15 seconds
[0m12:25:13.783253 [debug] [MainThread]: Sending event: {'category': 'dbt', 'action': 'invocation', 'label': 'end', 'context': [<snowplow_tracker.self_describing_json.SelfDescribingJson object at 0x000001D7C7DE7EC0>, <snowplow_tracker.self_describing_json.SelfDescribingJson object at 0x000001D7CA1905C0>, <snowplow_tracker.self_describing_json.SelfDescribingJson object at 0x000001D7C763F5F0>]}
[0m12:25:13.784376 [debug] [MainThread]: Flushing usage events
[0m12:25:15.357270 [debug] [MainThread]: An error was encountered while trying to flush usage events
[0m12:26:09.706898 [debug] [MainThread]: Sending event: {'category': 'dbt', 'action': 'invocation', 'label': 'start', 'context': [<snowplow_tracker.self_describing_json.SelfDescribingJson object at 0x00000145BFB5C0E0>, <snowplow_tracker.self_describing_json.SelfDescribingJson object at 0x00000145BFF1E2A0>, <snowplow_tracker.self_describing_json.SelfDescribingJson object at 0x00000145BFF1F710>]}


============================== 12:26:09.706898 | 8580a31c-33ab-4d1c-bd22-975bebf79f15 ==============================
[0m12:26:09.706898 [info ] [MainThread]: Running with dbt=1.9.4
[0m12:26:09.706898 [debug] [MainThread]: running dbt with arguments {'printer_width': '80', 'indirect_selection': 'eager', 'log_cache_events': 'False', 'write_json': 'True', 'partial_parse': 'True', 'cache_selected_only': 'False', 'profiles_dir': 'C:\\Users\\Lucifer\\.dbt', 'fail_fast': 'False', 'version_check': 'True', 'log_path': 'logs', 'debug': 'False', 'warn_error': 'None', 'use_colors': 'True', 'use_experimental_parser': 'False', 'no_print': 'None', 'quiet': 'False', 'empty': 'None', 'log_format': 'default', 'invocation_command': 'dbt init', 'introspect': 'True', 'static_parser': 'True', 'target_path': 'None', 'warn_error_options': 'WarnErrorOptions(include=[], exclude=[])', 'send_anonymous_usage_stats': 'True'}
[0m12:26:18.784298 [error] [MainThread]: Encountered an error:

[0m12:26:18.867453 [error] [MainThread]: Traceback (most recent call last):
  File "D:\DE\K20Learn\BTC\venv\Lib\site-packages\dbt\cli\requires.py", line 153, in wrapper
    result, success = func(*args, **kwargs)
                      ^^^^^^^^^^^^^^^^^^^^^
  File "D:\DE\K20Learn\BTC\venv\Lib\site-packages\dbt\cli\requires.py", line 103, in wrapper
    return func(*args, **kwargs)
           ^^^^^^^^^^^^^^^^^^^^^
  File "D:\DE\K20Learn\BTC\venv\Lib\site-packages\dbt\cli\main.py", line 477, in init
    results = task.run()
              ^^^^^^^^^^
  File "D:\DE\K20Learn\BTC\venv\Lib\site-packages\dbt\task\init.py", line 324, in run
    project_name = self.get_valid_project_name()
                   ^^^^^^^^^^^^^^^^^^^^^^^^^^^^^
  File "D:\DE\K20Learn\BTC\venv\Lib\site-packages\dbt\task\init.py", line 278, in get_valid_project_name
    name = click.prompt("Enter a name for your project (letters, digits, underscore)")
           ^^^^^^^^^^^^^^^^^^^^^^^^^^^^^^^^^^^^^^^^^^^^^^^^^^^^^^^^^^^^^^^^^^^^^^^^^^^
  File "D:\DE\K20Learn\BTC\venv\Lib\site-packages\click\termui.py", line 218, in prompt
    value = prompt_func(prompt)
            ^^^^^^^^^^^^^^^^^^^
  File "D:\DE\K20Learn\BTC\venv\Lib\site-packages\click\termui.py", line 201, in prompt_func
    raise Abort() from None
click.exceptions.Abort

[0m12:26:18.870395 [debug] [MainThread]: Command `dbt init` failed at 12:26:18.870395 after 9.33 seconds
[0m12:26:18.871428 [debug] [MainThread]: Sending event: {'category': 'dbt', 'action': 'invocation', 'label': 'end', 'context': [<snowplow_tracker.self_describing_json.SelfDescribingJson object at 0x00000145BFE72750>, <snowplow_tracker.self_describing_json.SelfDescribingJson object at 0x00000145C0988140>, <snowplow_tracker.self_describing_json.SelfDescribingJson object at 0x00000145BF895CA0>]}
[0m12:26:18.872413 [debug] [MainThread]: Flushing usage events
[0m12:26:20.417229 [debug] [MainThread]: An error was encountered while trying to flush usage events
[0m12:44:54.818137 [debug] [MainThread]: Sending event: {'category': 'dbt', 'action': 'invocation', 'label': 'start', 'context': [<snowplow_tracker.self_describing_json.SelfDescribingJson object at 0x0000017D869DF0E0>, <snowplow_tracker.self_describing_json.SelfDescribingJson object at 0x0000017D86BE2120>, <snowplow_tracker.self_describing_json.SelfDescribingJson object at 0x0000017D835E9D30>]}


============================== 12:44:54.833761 | 4e494ec5-4831-4112-8970-11c313703cc5 ==============================
[0m12:44:54.833761 [info ] [MainThread]: Running with dbt=1.9.4
[0m12:44:54.833761 [debug] [MainThread]: running dbt with arguments {'printer_width': '80', 'indirect_selection': 'eager', 'log_cache_events': 'False', 'write_json': 'True', 'partial_parse': 'True', 'cache_selected_only': 'False', 'profiles_dir': 'C:\\Users\\Lucifer\\.dbt', 'version_check': 'True', 'fail_fast': 'False', 'log_path': 'logs', 'debug': 'False', 'warn_error': 'None', 'use_colors': 'True', 'use_experimental_parser': 'False', 'empty': 'None', 'quiet': 'False', 'no_print': 'None', 'log_format': 'default', 'introspect': 'True', 'static_parser': 'True', 'warn_error_options': 'WarnErrorOptions(include=[], exclude=[])', 'target_path': 'None', 'invocation_command': 'dbt debug', 'send_anonymous_usage_stats': 'True'}
[0m12:44:54.849387 [info ] [MainThread]: dbt version: 1.9.4
[0m12:44:54.868189 [info ] [MainThread]: python version: 3.12.4
[0m12:44:54.868189 [info ] [MainThread]: python path: D:\DE\K20Learn\BTC\venv\Scripts\python.exe
[0m12:44:54.878928 [info ] [MainThread]: os info: Windows-10-10.0.19045-SP0
[0m12:44:55.601429 [info ] [MainThread]: Error importing adapter: No module named 'dbt.adapters.sqlserver'
[0m12:44:55.601429 [info ] [MainThread]: Error importing adapter: No module named 'dbt.adapters.sqlserver'
[0m12:44:55.601429 [info ] [MainThread]: Using profiles dir at C:\Users\Lucifer\.dbt
[0m12:44:55.601429 [info ] [MainThread]: Using profiles.yml file at C:\Users\Lucifer\.dbt\profiles.yml
[0m12:44:55.601429 [info ] [MainThread]: Using dbt_project.yml file at D:\DE\K20Learn\BTC\dbt_project.yml
[0m12:44:55.612791 [info ] [MainThread]: Configuration:
[0m12:44:55.618862 [info ] [MainThread]:   profiles.yml file [[31mERROR invalid[0m]
[0m12:44:55.619859 [info ] [MainThread]:   dbt_project.yml file [[31mERROR not found[0m]
[0m12:44:55.619859 [info ] [MainThread]: Required dependencies:
[0m12:44:55.620860 [debug] [MainThread]: Executing "git --help"
[0m12:44:55.727469 [debug] [MainThread]: STDOUT: "b"usage: git [-v | --version] [-h | --help] [-C <path>] [-c <name>=<value>]\n           [--exec-path[=<path>]] [--html-path] [--man-path] [--info-path]\n           [-p | --paginate | -P | --no-pager] [--no-replace-objects] [--bare]\n           [--git-dir=<path>] [--work-tree=<path>] [--namespace=<name>]\n           [--config-env=<name>=<envvar>] <command> [<args>]\n\nThese are common Git commands used in various situations:\n\nstart a working area (see also: git help tutorial)\n   clone     Clone a repository into a new directory\n   init      Create an empty Git repository or reinitialize an existing one\n\nwork on the current change (see also: git help everyday)\n   add       Add file contents to the index\n   mv        Move or rename a file, a directory, or a symlink\n   restore   Restore working tree files\n   rm        Remove files from the working tree and from the index\n\nexamine the history and state (see also: git help revisions)\n   bisect    Use binary search to find the commit that introduced a bug\n   diff      Show changes between commits, commit and working tree, etc\n   grep      Print lines matching a pattern\n   log       Show commit logs\n   show      Show various types of objects\n   status    Show the working tree status\n\ngrow, mark and tweak your common history\n   branch    List, create, or delete branches\n   commit    Record changes to the repository\n   merge     Join two or more development histories together\n   rebase    Reapply commits on top of another base tip\n   reset     Reset current HEAD to the specified state\n   switch    Switch branches\n   tag       Create, list, delete or verify a tag object signed with GPG\n\ncollaborate (see also: git help workflows)\n   fetch     Download objects and refs from another repository\n   pull      Fetch from and integrate with another repository or a local branch\n   push      Update remote refs along with associated objects\n\n'git help -a' and 'git help -g' list available subcommands and some\nconcept guides. See 'git help <command>' or 'git help <concept>'\nto read about a specific subcommand or concept.\nSee 'git help git' for an overview of the system.\n""
[0m12:44:55.727469 [debug] [MainThread]: STDERR: "b''"
[0m12:44:55.727469 [info ] [MainThread]:  - git [[32mOK found[0m]

[0m12:44:55.727469 [info ] [MainThread]: Connection test skipped since no profile was found
[0m12:44:55.727469 [info ] [MainThread]: [31m2 checks failed:[0m
[0m12:44:55.727469 [info ] [MainThread]: Could not load dbt_project.yml
Profile loading failed for the following reason:
Runtime Error
  Credentials in profile "my_sqlserver_project", target "dev" invalid: Runtime Error
    Could not find adapter type sqlserver!

Runtime Error
  Credentials in profile "vit_lam_data", target "dev" invalid: Runtime Error
    Could not find adapter type sqlserver!


[0m12:44:55.727469 [info ] [MainThread]: Project loading failed for the following reason:
 project path <D:\DE\K20Learn\BTC\dbt_project.yml> not found

[0m12:44:55.750596 [debug] [MainThread]: Command `dbt debug` failed at 12:44:55.750596 after 1.14 seconds
[0m12:44:55.750596 [debug] [MainThread]: Sending event: {'category': 'dbt', 'action': 'invocation', 'label': 'end', 'context': [<snowplow_tracker.self_describing_json.SelfDescribingJson object at 0x0000017D867A1B50>, <snowplow_tracker.self_describing_json.SelfDescribingJson object at 0x0000017D88C1BAA0>, <snowplow_tracker.self_describing_json.SelfDescribingJson object at 0x0000017D88901280>]}
[0m12:44:55.750596 [debug] [MainThread]: Flushing usage events
[0m12:44:57.294630 [debug] [MainThread]: An error was encountered while trying to flush usage events
{"data":{"log_version":3,"version":"=2.0.0-preview.200"},"info":{"category":"","code":"A001","extra":{},"invocation_id":"019f980b-762e-70c2-81ef-9e8532ee4744","level":"info","msg":"Running with dbt-fusion=2.0.0-preview.200","name":"MainReportVersion","pid":18484,"thread":"tokio-rt-worker","ts":"2026-07-25T06:51:55.828230Z"}}
{"data":{"args":{"debug":"false","invocation_command":"C:\\Users\\Lucifer\\.local\\bin\\dbt.exe license info --json --log-format json","log_format":"json","quiet":"false","write_json":"true"}},"info":{"category":"","code":"A002","extra":{},"invocation_id":"019f980b-762e-70c2-81ef-9e8532ee4744","level":"debug","msg":"running dbt-fusion with arguments {\"command\":\"license\",\"vars\":\"{}\",\"limit\":\"10\",\"debug\":false,\"log_format\":\"json\",\"quiet\":false,\"write_json\":true,\"write_catalog\":false,\"manage_state\":false}","name":"MainReportArgs","pid":18484,"thread":"tokio-rt-worker","ts":"2026-07-25T06:51:55.828279Z"}}
{"data":{},"info":{"category":"","code":"","extra":{},"invocation_id":"019f980b-762e-70c2-81ef-9e8532ee4744","level":"debug","msg":"No platform credentials found, skipping remote license","name":"Generic","pid":18484,"thread":"tokio-rt-worker","ts":"2026-07-25T06:51:55.861657Z"}}
{"data":{},"info":{"category":"","code":"","extra":{},"invocation_id":"019f980b-762e-70c2-81ef-9e8532ee4744","level":"debug","msg":"Requesting trial license from https://cloud.getdbt.com/api/private/trial-licenses/","name":"Generic","pid":18484,"thread":"main","ts":"2026-07-25T06:51:56.766106Z"}}
{"data":{},"info":{"category":"","code":"","extra":{},"invocation_id":"019f980b-762e-70c2-81ef-9e8532ee4744","level":"debug","msg":"Trial license retrieved","name":"Generic","pid":18484,"thread":"main","ts":"2026-07-25T06:51:57.455376Z"}}
{"data":{},"info":{"category":"","code":"","extra":{},"invocation_id":"019f980b-762e-70c2-81ef-9e8532ee4744","level":"debug","msg":"License loaded from trial license server","name":"Generic","pid":18484,"thread":"tokio-rt-worker","ts":"2026-07-25T06:51:57.765595Z"}}
{"data":{"columns":[],"is_inline":true,"node_name":"license_info","output_format":"json","preview":"{\n  \"status\": \"valid\",\n  \"licensing_enabled\": true,\n  \"features\": [\n    \"compare\",\n    \"strict-static-analysis\"\n  ],\n  \"issued_at\": \"2026-07-25T06:51:56+00:00\",\n  \"expires_at\": \"2026-08-08T05:52:19+00:00\",\n  \"license_type\": \"trial\",\n  \"machine_id\": \"03572be02e7f68f11e2916db354f9166fb970ceeda78033909a93462c1ab1afc\",\n  \"days_remaining\": 13,\n  \"trial_start_date\": \"2026-07-25T05:52:19+00:00\"\n}","unique_id":"license.info"},"info":{"category":"","code":"Q041","extra":{},"invocation_id":"019f980b-762e-70c2-81ef-9e8532ee4744","level":"info","msg":"{\n  \"status\": \"valid\",\n  \"licensing_enabled\": true,\n  \"features\": [\n    \"compare\",\n    \"strict-static-analysis\"\n  ],\n  \"issued_at\": \"2026-07-25T06:51:56+00:00\",\n  \"expires_at\": \"2026-08-08T05:52:19+00:00\",\n  \"license_type\": \"trial\",\n  \"machine_id\": \"03572be02e7f68f11e2916db354f9166fb970ceeda78033909a93462c1ab1afc\",\n  \"days_remaining\": 13,\n  \"trial_start_date\": \"2026-07-25T05:52:19+00:00\"\n}","name":"ShowNode","pid":18484,"thread":"tokio-rt-worker","ts":"2026-07-25T06:51:58.088223Z"}}
{"data":{"completed_at":"2026-07-25T06:51:58.232623Z","elapsed":2.4047131538391113,"success":true},"info":{"category":"","code":"Q039","extra":{},"invocation_id":"019f980b-762e-70c2-81ef-9e8532ee4744","level":"info","msg":"\n==================== Execution Summary =====================\nFinished 'license' successfully [2.4s]","name":"CommandCompleted","pid":18484,"thread":"tokio-rt-worker","ts":"2026-07-25T06:51:58.232927Z"}}
{"data":{"log_version":3,"version":"=2.0.0-preview.200"},"info":{"category":"","code":"A001","extra":{},"invocation_id":"019f982c-b7dd-7ef0-8c27-a02299c75daf","level":"info","msg":"Running with dbt-fusion=2.0.0-preview.200","name":"MainReportVersion","pid":532,"thread":"tokio-rt-worker","ts":"2026-07-25T07:28:15.385727Z"}}
{"data":{"args":{"debug":"false","invocation_command":"C:\\Users\\Lucifer\\.local\\bin\\dbt.exe license info --json --log-format json","log_format":"json","quiet":"false","write_json":"true"}},"info":{"category":"","code":"A002","extra":{},"invocation_id":"019f982c-b7dd-7ef0-8c27-a02299c75daf","level":"debug","msg":"running dbt-fusion with arguments {\"command\":\"license\",\"vars\":\"{}\",\"limit\":\"10\",\"debug\":false,\"log_format\":\"json\",\"quiet\":false,\"write_json\":true,\"write_catalog\":false,\"manage_state\":false}","name":"MainReportArgs","pid":532,"thread":"tokio-rt-worker","ts":"2026-07-25T07:28:15.385787Z"}}
{"data":{},"info":{"category":"","code":"","extra":{},"invocation_id":"019f982c-b7dd-7ef0-8c27-a02299c75daf","level":"debug","msg":"No platform credentials found, skipping remote license","name":"Generic","pid":532,"thread":"tokio-rt-worker","ts":"2026-07-25T07:28:15.452711Z"}}
{"data":{},"info":{"category":"","code":"","extra":{},"invocation_id":"019f982c-b7dd-7ef0-8c27-a02299c75daf","level":"debug","msg":"License loaded from file C:\\Users\\Lucifer\\.dbt\\license.trial","name":"Generic","pid":532,"thread":"tokio-rt-worker","ts":"2026-07-25T07:28:18.165879Z"}}
{"data":{"columns":[],"is_inline":true,"node_name":"license_info","output_format":"json","preview":"{\n  \"status\": \"valid\",\n  \"licensing_enabled\": true,\n  \"features\": [\n    \"compare\",\n    \"strict-static-analysis\"\n  ],\n  \"issued_at\": \"2026-07-25T06:51:56+00:00\",\n  \"expires_at\": \"2026-08-08T05:52:19+00:00\",\n  \"license_type\": \"trial\",\n  \"machine_id\": \"03572be02e7f68f11e2916db354f9166fb970ceeda78033909a93462c1ab1afc\",\n  \"days_remaining\": 13,\n  \"trial_start_date\": \"2026-07-25T05:52:19+00:00\"\n}","unique_id":"license.info"},"info":{"category":"","code":"Q041","extra":{},"invocation_id":"019f982c-b7dd-7ef0-8c27-a02299c75daf","level":"info","msg":"{\n  \"status\": \"valid\",\n  \"licensing_enabled\": true,\n  \"features\": [\n    \"compare\",\n    \"strict-static-analysis\"\n  ],\n  \"issued_at\": \"2026-07-25T06:51:56+00:00\",\n  \"expires_at\": \"2026-08-08T05:52:19+00:00\",\n  \"license_type\": \"trial\",\n  \"machine_id\": \"03572be02e7f68f11e2916db354f9166fb970ceeda78033909a93462c1ab1afc\",\n  \"days_remaining\": 13,\n  \"trial_start_date\": \"2026-07-25T05:52:19+00:00\"\n}","name":"ShowNode","pid":532,"thread":"tokio-rt-worker","ts":"2026-07-25T07:28:18.814849Z"}}
{"data":{"completed_at":"2026-07-25T07:28:19.014518Z","elapsed":3.6371185779571533,"success":true},"info":{"category":"","code":"Q039","extra":{},"invocation_id":"019f982c-b7dd-7ef0-8c27-a02299c75daf","level":"info","msg":"\n==================== Execution Summary =====================\nFinished 'license' successfully [3.6s]","name":"CommandCompleted","pid":532,"thread":"tokio-rt-worker","ts":"2026-07-25T07:28:19.014686Z"}}
{"data":{"log_version":3,"version":"=2.0.0-preview.200"},"info":{"category":"","code":"A001","extra":{},"invocation_id":"019f9839-871b-77a3-889d-0f79c3f4a43d","level":"info","msg":"Running with dbt-fusion=2.0.0-preview.200","name":"MainReportVersion","pid":9552,"thread":"tokio-rt-worker","ts":"2026-07-25T07:42:14.943586Z"}}
{"data":{"args":{"debug":"false","invocation_command":"C:\\Users\\Lucifer\\.local\\bin\\dbt.exe license info --json --log-format json","log_format":"json","quiet":"false","write_json":"true"}},"info":{"category":"","code":"A002","extra":{},"invocation_id":"019f9839-871b-77a3-889d-0f79c3f4a43d","level":"debug","msg":"running dbt-fusion with arguments {\"command\":\"license\",\"vars\":\"{}\",\"limit\":\"10\",\"debug\":false,\"log_format\":\"json\",\"quiet\":false,\"write_json\":true,\"write_catalog\":false,\"manage_state\":false}","name":"MainReportArgs","pid":9552,"thread":"tokio-rt-worker","ts":"2026-07-25T07:42:14.943748Z"}}
{"data":{},"info":{"category":"","code":"","extra":{},"invocation_id":"019f9839-871b-77a3-889d-0f79c3f4a43d","level":"debug","msg":"No platform credentials found, skipping remote license","name":"Generic","pid":9552,"thread":"tokio-rt-worker","ts":"2026-07-25T07:42:15.022992Z"}}
{"data":{},"info":{"category":"","code":"","extra":{},"invocation_id":"019f9839-871b-77a3-889d-0f79c3f4a43d","level":"debug","msg":"License loaded from file C:\\Users\\Lucifer\\.dbt\\license.trial","name":"Generic","pid":9552,"thread":"tokio-rt-worker","ts":"2026-07-25T07:42:16.493774Z"}}
{"data":{"columns":[],"is_inline":true,"node_name":"license_info","output_format":"json","preview":"{\n  \"status\": \"valid\",\n  \"licensing_enabled\": true,\n  \"features\": [\n    \"compare\",\n    \"strict-static-analysis\"\n  ],\n  \"issued_at\": \"2026-07-25T06:51:56+00:00\",\n  \"expires_at\": \"2026-08-08T05:52:19+00:00\",\n  \"license_type\": \"trial\",\n  \"machine_id\": \"03572be02e7f68f11e2916db354f9166fb970ceeda78033909a93462c1ab1afc\",\n  \"days_remaining\": 13,\n  \"trial_start_date\": \"2026-07-25T05:52:19+00:00\"\n}","unique_id":"license.info"},"info":{"category":"","code":"Q041","extra":{},"invocation_id":"019f9839-871b-77a3-889d-0f79c3f4a43d","level":"info","msg":"{\n  \"status\": \"valid\",\n  \"licensing_enabled\": true,\n  \"features\": [\n    \"compare\",\n    \"strict-static-analysis\"\n  ],\n  \"issued_at\": \"2026-07-25T06:51:56+00:00\",\n  \"expires_at\": \"2026-08-08T05:52:19+00:00\",\n  \"license_type\": \"trial\",\n  \"machine_id\": \"03572be02e7f68f11e2916db354f9166fb970ceeda78033909a93462c1ab1afc\",\n  \"days_remaining\": 13,\n  \"trial_start_date\": \"2026-07-25T05:52:19+00:00\"\n}","name":"ShowNode","pid":9552,"thread":"tokio-rt-worker","ts":"2026-07-25T07:42:18.471753Z"}}
{"data":{"completed_at":"2026-07-25T07:42:18.626640Z","elapsed":3.717237949371338,"success":true},"info":{"category":"","code":"Q039","extra":{},"invocation_id":"019f9839-871b-77a3-889d-0f79c3f4a43d","level":"info","msg":"\n==================== Execution Summary =====================\nFinished 'license' successfully [3.7s]","name":"CommandCompleted","pid":9552,"thread":"tokio-rt-worker","ts":"2026-07-25T07:42:18.626849Z"}}
[0m14:47:34.628086 [debug] [MainThread]: Sending event: {'category': 'dbt', 'action': 'invocation', 'label': 'start', 'context': [<snowplow_tracker.self_describing_json.SelfDescribingJson object at 0x000002163A607E90>, <snowplow_tracker.self_describing_json.SelfDescribingJson object at 0x000002163A827260>, <snowplow_tracker.self_describing_json.SelfDescribingJson object at 0x00000216380C60F0>]}


============================== 14:47:34.634088 | 09d2c994-7ef9-438b-b7a9-1689f3dd8fda ==============================
[0m14:47:34.634088 [info ] [MainThread]: Running with dbt=1.9.4
[0m14:47:34.636106 [debug] [MainThread]: running dbt with arguments {'printer_width': '80', 'indirect_selection': 'eager', 'write_json': 'True', 'log_cache_events': 'False', 'partial_parse': 'True', 'cache_selected_only': 'False', 'warn_error': 'None', 'fail_fast': 'False', 'version_check': 'True', 'log_path': 'logs', 'debug': 'False', 'profiles_dir': 'C:\\Users\\Lucifer\\.dbt', 'use_colors': 'True', 'use_experimental_parser': 'False', 'no_print': 'None', 'quiet': 'False', 'empty': 'False', 'log_format': 'default', 'invocation_command': 'dbt run -m whale_alter', 'introspect': 'True', 'static_parser': 'True', 'target_path': 'None', 'warn_error_options': 'WarnErrorOptions(include=[], exclude=[])', 'send_anonymous_usage_stats': 'True'}
[0m14:47:34.638087 [error] [MainThread]: Encountered an error:
Runtime Error
  No dbt_project.yml found at expected path D:\DE\K20Learn\BTC\dbt_project.yml
  Verify that each entry within packages.yml (and their transitive dependencies) contains a file named dbt_project.yml
  
[0m14:47:34.639089 [debug] [MainThread]: Command `dbt run` failed at 14:47:34.639089 after 0.26 seconds
[0m14:47:34.640353 [debug] [MainThread]: Sending event: {'category': 'dbt', 'action': 'invocation', 'label': 'end', 'context': [<snowplow_tracker.self_describing_json.SelfDescribingJson object at 0x000002163A6F5C70>, <snowplow_tracker.self_describing_json.SelfDescribingJson object at 0x000002163A94B890>, <snowplow_tracker.self_describing_json.SelfDescribingJson object at 0x000002163A949280>]}
[0m14:47:34.641358 [debug] [MainThread]: Flushing usage events
[0m14:47:36.226348 [debug] [MainThread]: An error was encountered while trying to flush usage events
